// Jest Snapshot v1, https://goo.gl/fbAQLP

exports[`Form should keep an up-to-date snapshot 1`] = `
<form>
  <input
    name="img"
    onChange={[Function]}
    placeholder="Image URL"
    type="text"
    value=""
  />
  <input
    name="name"
    onChange={[Function]}
    placeholder="Name"
    type="text"
    value=""
  />
  <input
    name="description"
    onChange={[Function]}
    placeholder="Description"
    type="text"
    value=""
  />
  <input
    name="price"
    onChange={[Function]}
    placeholder="Price"
    type="text"
    value=""
  />
  <button
    className="Form_button"
    onClick={[Function]}
  >
    Add Purchase
  </button>
</form>
`;
